// Jest Snapshot v1, https://goo.gl/fbAQLP

exports[`Canvas component should render correct contents 1`] = `
<div>
  <div>
    <canvas />
  </div>
</div>
`;
