// Jest Snapshot v1, https://goo.gl/fbAQLP

exports[`Multi Select component should render correct contents 1`] = `<div />`;
